[INFO] Scanning for projects...
[INFO] 
[INFO] -------------------< com.example:MovimientosService >-------------------
[INFO] Building MovimientosService 0.0.1-SNAPSHOT
[INFO]   from pom.xml
[INFO] --------------------------------[ jar ]---------------------------------
[INFO] 
[INFO] --- clean:3.3.2:clean (default-clean) @ MovimientosService ---
[INFO] Deleting C:\Users\juanb\Downloads\GastuApp\target
[INFO] 
[INFO] --- resources:3.3.1:resources (default-resources) @ MovimientosService ---
[INFO] Copying 1 resource from src\main\resources to target\classes
[INFO] Copying 3 resources from src\main\resources to target\classes
[INFO] 
[INFO] --- compiler:3.13.0:compile (default-compile) @ MovimientosService ---
[INFO] Recompiling the module because of changed source code.
[INFO] Compiling 28 source files with javac [debug parameters release 21] to target\classes
[INFO] -------------------------------------------------------------
[ERROR] COMPILATION ERROR : 
[INFO] -------------------------------------------------------------
[ERROR] /C:/Users/juanb/Downloads/GastuApp/src/main/java/GastuApp/Movimientos/MovimientosServiceApplicationTests.java:[3,29] package org.junit.jupiter.api does not exist
[ERROR] /C:/Users/juanb/Downloads/GastuApp/src/main/java/GastuApp/Movimientos/MovimientosServiceApplicationTests.java:[4,45] package org.springframework.boot.test.context does not exist
[ERROR] /C:/Users/juanb/Downloads/GastuApp/src/main/java/GastuApp/Movimientos/MovimientosServiceApplicationTests.java:[6,2] cannot find symbol
  symbol: class SpringBootTest
[ERROR] /C:/Users/juanb/Downloads/GastuApp/src/main/java/GastuApp/Movimientos/MovimientosServiceApplicationTests.java:[9,6] cannot find symbol
  symbol:   class Test
  location: class GastuApp.Movimientos.MovimientosServiceApplicationTests
[INFO] 4 errors 
[INFO] -------------------------------------------------------------
[INFO] ------------------------------------------------------------------------
[INFO] BUILD FAILURE
[INFO] ------------------------------------------------------------------------
[INFO] Total time:  4.226 s
[INFO] Finished at: 2025-11-27T17:26:11-05:00
[INFO] ------------------------------------------------------------------------
[ERROR] Failed to execute goal org.apache.maven.plugins:maven-compiler-plugin:3.13.0:compile (default-compile) on project MovimientosService: Compilation failure: Compilation failure: 
[ERROR] /C:/Users/juanb/Downloads/GastuApp/src/main/java/GastuApp/Movimientos/MovimientosServiceApplicationTests.java:[3,29] package org.junit.jupiter.api does not exist
[ERROR] /C:/Users/juanb/Downloads/GastuApp/src/main/java/GastuApp/Movimientos/MovimientosServiceApplicationTests.java:[4,45] package org.springframework.boot.test.context does not exist
[ERROR] /C:/Users/juanb/Downloads/GastuApp/src/main/java/GastuApp/Movimientos/MovimientosServiceApplicationTests.java:[6,2] cannot find symbol
[ERROR]   symbol: class SpringBootTest
[ERROR] /C:/Users/juanb/Downloads/GastuApp/src/main/java/GastuApp/Movimientos/MovimientosServiceApplicationTests.java:[9,6] cannot find symbol
[ERROR]   symbol:   class Test
[ERROR]   location: class GastuApp.Movimientos.MovimientosServiceApplicationTests
[ERROR] -> [Help 1]
[ERROR] 
[ERROR] To see the full stack trace of the errors, re-run Maven with the -e switch.
[ERROR] Re-run Maven using the -X switch to enable full debug logging.
[ERROR] 
[ERROR] For more information about the errors and possible solutions, please read the following articles:
[ERROR] [Help 1] http://cwiki.apache.org/confluence/display/MAVEN/MojoFailureException
